// Jest Snapshot v1, https://goo.gl/fbAQLP

exports[`Bar/Lines chart - Simple month 1`] = `
Object {
  "data": Object {
    "config": Object {
      "xaxis": Array [
        Object {
          "dataKey": "key",
        },
      ],
      "yaxis": Array [
        Object {
          "dataKey": "value",
        },
      ],
    },
    "data": Array [
      Object {
        "key": "Sep",
        "value": 0,
      },
      Object {
        "key": "Oct",
        "value": 0,
      },
      Object {
        "key": "Nov",
        "value": 0,
      },
      Object {
        "key": "Dec",
        "value": 9,
      },
      Object {
        "key": "Jan",
        "value": 5,
      },
      Object {
        "key": "Feb",
        "value": 0,
      },
      Object {
        "key": "Mar",
        "value": 0,
      },
      Object {
        "key": "Apr",
        "value": 2,
      },
      Object {
        "key": "May",
        "value": 0,
      },
      Object {
        "key": "Jun",
        "value": 0,
      },
      Object {
        "key": "Jul",
        "value": 0,
      },
      Object {
        "key": "Aug",
        "value": 0,
      },
    ],
  },
}
`;
