// Jest Snapshot v1, https://goo.gl/fbAQLP

exports[`Bar/Lines chart - Simple week 1`] = `
Object {
  "data": Object {
    "config": Object {
      "xaxis": Array [
        Object {
          "dataKey": "key",
        },
      ],
      "yaxis": Array [
        Object {
          "dataKey": "value",
        },
      ],
    },
    "data": Array [
      Object {
        "key": "2020-11-02",
        "value": 0,
      },
      Object {
        "key": "2020-11-09",
        "value": 0,
      },
      Object {
        "key": "2020-11-16",
        "value": 0,
      },
      Object {
        "key": "2020-11-23",
        "value": 0,
      },
      Object {
        "key": "2020-11-30",
        "value": 0,
      },
      Object {
        "key": "2020-12-07",
        "value": 0,
      },
      Object {
        "key": "2020-12-14",
        "value": 0,
      },
      Object {
        "key": "2020-12-21",
        "value": 5,
      },
      Object {
        "key": "2020-12-28",
        "value": 7,
      },
      Object {
        "key": "2021-01-04",
        "value": 2,
      },
      Object {
        "key": "2021-01-11",
        "value": 0,
      },
      Object {
        "key": "2021-01-18",
        "value": 0,
      },
      Object {
        "key": "2021-01-25",
        "value": 0,
      },
      Object {
        "key": "2021-02-01",
        "value": 0,
      },
      Object {
        "key": "2021-02-08",
        "value": 0,
      },
      Object {
        "key": "2021-02-15",
        "value": 0,
      },
      Object {
        "key": "2021-02-22",
        "value": 0,
      },
      Object {
        "key": "2021-03-01",
        "value": 0,
      },
      Object {
        "key": "2021-03-08",
        "value": 0,
      },
      Object {
        "key": "2021-03-15",
        "value": 0,
      },
      Object {
        "key": "2021-03-22",
        "value": 0,
      },
      Object {
        "key": "2021-03-29",
        "value": 2,
      },
      Object {
        "key": "2021-04-05",
        "value": 0,
      },
      Object {
        "key": "2021-04-12",
        "value": 0,
      },
      Object {
        "key": "2021-04-19",
        "value": 0,
      },
      Object {
        "key": "2021-04-26",
        "value": 0,
      },
      Object {
        "key": "2021-05-03",
        "value": 0,
      },
      Object {
        "key": "2021-05-10",
        "value": 0,
      },
      Object {
        "key": "2021-05-17",
        "value": 0,
      },
      Object {
        "key": "2021-05-24",
        "value": 0,
      },
      Object {
        "key": "2021-05-31",
        "value": 0,
      },
      Object {
        "key": "2021-06-07",
        "value": 0,
      },
      Object {
        "key": "2021-06-14",
        "value": 0,
      },
      Object {
        "key": "2021-06-21",
        "value": 0,
      },
      Object {
        "key": "2021-06-28",
        "value": 0,
      },
      Object {
        "key": "2021-07-05",
        "value": 0,
      },
      Object {
        "key": "2021-07-12",
        "value": 0,
      },
      Object {
        "key": "2021-07-19",
        "value": 0,
      },
      Object {
        "key": "2021-07-26",
        "value": 0,
      },
      Object {
        "key": "2021-08-02",
        "value": 0,
      },
    ],
  },
}
`;
